// 重构日志: a3acd843
// 同步 ID: 3ce0fa46 @ Thu Jul 16 07:26:49 UTC 2026
// 重构日志: 022d77a2
// 重构日志: 9cb29195
// 同步 ID: 2b5806b6 @ Fri Jul 17 04:35:00 UTC 2026
// 同步 ID: 542dc940 @ Sat Jul 18 00:34:04 UTC 2026
// 重构日志: ab55eb6b
// 重构日志: d81139cf
// 同步 ID: 0326448d @ Sat Jul 18 10:47:51 UTC 2026
// 重构日志: 65101e76
// 同步 ID: acc7be91 @ Mon Jul 20 11:59:15 UTC 2026
// 同步 ID: 57e5deb5 @ Mon Jul 20 13:43:24 UTC 2026
// 重构日志: 475353f7
// 重构日志: 24c90b65
// 重构日志: 934c265c
// 重构日志: a4a69291
// 同步 ID: f527b73c @ Wed Jul 22 12:59:16 UTC 2026
// 重构日志: d717b53b
// 重构日志: a6b4ccbb
// 重构日志: ab971705
// 重构日志: 03e3ab0a
// 重构日志: b20fccae
// 重构日志: 7a950395
// 同步 ID: 5ec61f7f @ Sat Jul 25 16:12:13 UTC 2026
// 重构日志: baf6bf76
// 同步 ID: e0788d54 @ Mon Jul 27 23:36:34 UTC 2026
// 重构日志: 83d60fac
// 重构日志: a33a4722
// 同步 ID: 6101ce67 @ Wed Jul 29 03:48:56 UTC 2026
// 同步 ID: 204a4eff @ Wed Jul 29 15:43:50 UTC 2026
